// Jest Snapshot v1, https://goo.gl/fbAQLP

exports[`Componnet renders correctly 1`] = `
<div
  className="category"
>
  <span>
    Select a type of Pokemon
  </span>
  <select
    className="categories"
    name="categories"
    onChange={[Function]}
  >
    <option
      selected={true}
      value="All"
    >
      All
    </option>
    <option
      value="fire"
    >
      fire
    </option>
    <option
      value="water"
    >
      water
    </option>
    <option
      value="grass"
    >
      grass
    </option>
    <option
      value="normal"
    >
      normal
    </option>
    <option
      value="electric"
    >
      electric
    </option>
    <option
      value="ice"
    >
      ice
    </option>
    <option
      value="fighting"
    >
      fighting
    </option>
    <option
      value="poison"
    >
      poison
    </option>
    <option
      value="ground"
    >
      ground
    </option>
    <option
      value="flying"
    >
      flying
    </option>
    <option
      value="psychic"
    >
      psychic
    </option>
    <option
      value="bug"
    >
      bug
    </option>
    <option
      value="rock"
    >
      rock
    </option>
    <option
      value="ghost"
    >
      ghost
    </option>
    <option
      value="dragon"
    >
      dragon
    </option>
    <option
      value="fairy"
    >
      fairy
    </option>
  </select>
</div>
`;
